[
  "Internal",
  "MongoDB",
  "Newtonsoft",
  "Snapshooter",
  "Squadron",
  "Xunit"
]
