[
  {
    "Id": "b1eba0d6-a1f9-4e31-bd70-0feed19f4492",
    "Name": "test",
    "AdditionalId": "b58ec857-c874-457e-8662-133a055282f6"
  }
]
