{
  "AllowedTypes": [],
  "AllowedTypesByNamespaces": [],
  "AllowedTypesByDependencies": [
    "Docker",
    "Internal",
    "MongoDB",
    "Newtonsoft",
    "Polly",
    "Snapshooter",
    "Squadron",
    "Xunit"
  ]
}
