{
  "AllowedTypes": [
    {
      "Key": "MongoDB.Extensions.Context.AllowedTypes.Tests.Foo",
      "Value": true
    }
  ],
  "AllowedTypesByNamespaces": [],
  "AllowedTypesByDependencies": [
    "Internal",
    "MongoDB",
    "Newtonsoft",
    "Snapshooter",
    "Squadron",
    "Xunit"
  ]
}
